#
# There is insufficient memory for the Java Runtime Environment to continue.
# Native memory allocation (mmap) failed to map 65536 bytes. Error detail: Failed to commit metaspace.
# Possible reasons:
#   The system is out of physical RAM or swap space
#   This process is running with CompressedOops enabled, and the Java Heap may be blocking the growth of the native heap
# Possible solutions:
#   Reduce memory load on the system
#   Increase physical memory or swap space
#   Check if swap backing store is full
#   Decrease Java heap size (-Xmx/-Xms)
#   Decrease number of Java threads
#   Decrease Java thread stack sizes (-Xss)
#   Set larger code cache with -XX:ReservedCodeCacheSize=
#   JVM is running with Zero Based Compressed Oops mode in which the Java heap is
#     placed in the first 32GB address space. The Java Heap base address is the
#     maximum limit for the native heap growth. Please use -XX:HeapBaseMinAddress
#     to set the Java Heap base and to place the Java Heap above 32GB virtual address.
# This output file may be truncated or incomplete.
#
#  Out of Memory Error (virtualSpaceNode.cpp:113), pid=1716, tid=4816
#
# JRE version: OpenJDK Runtime Environment (21.0.4) (build 21.0.4+-12508038-b607.1)
# Java VM: OpenJDK 64-Bit Server VM (21.0.4+-12508038-b607.1, mixed mode, tiered, compressed oops, compressed class ptrs, g1 gc, windows-amd64)
# No core dump will be written. Minidumps are not enabled by default on client versions of Windows
#

---------------  S U M M A R Y ------------

Command Line: git4idea.http.GitAskPassApp Username for 'https://github.com': 

Host: 12th Gen Intel(R) Core(TM) i7-12700K, 20 cores, 15G,  Windows 10 , 64 bit Build 19041 (10.0.19041.5438)
Time: Mon Feb 17 16:12:28 2025  Windows 10 , 64 bit Build 19041 (10.0.19041.5438) elapsed time: 0.109523 seconds (0d 0h 0m 0s)

---------------  T H R E A D  ---------------

Current thread (0x000001db620a3850):  JavaThread "main"             [_thread_in_vm, id=4816, stack(0x0000007270700000,0x0000007270800000) (1024K)]

Stack: [0x0000007270700000,0x0000007270800000]
Native frames: (J=compiled Java code, j=interpreted, Vv=VM code, C=native code)
V  [jvm.dll+0x6ce539]
V  [jvm.dll+0x85bf03]
V  [jvm.dll+0x85e45e]
V  [jvm.dll+0x85eb43]
V  [jvm.dll+0x27dd06]
V  [jvm.dll+0x856dde]
V  [jvm.dll+0x672715]
V  [jvm.dll+0x67277a]
V  [jvm.dll+0x674fd6]
V  [jvm.dll+0x674ea2]
V  [jvm.dll+0x67310e]
V  [jvm.dll+0x26908f]
V  [jvm.dll+0x67d0f5]
V  [jvm.dll+0x21482c]
V  [jvm.dll+0x214d75]
V  [jvm.dll+0x215756]
V  [jvm.dll+0x20a7a9]
V  [jvm.dll+0x5b0c43]
V  [jvm.dll+0x21c1eb]
V  [jvm.dll+0x7d361c]
V  [jvm.dll+0x7d46c2]
V  [jvm.dll+0x7d4c84]
V  [jvm.dll+0x7d4918]
V  [jvm.dll+0x26ca6b]
V  [jvm.dll+0x26cc85]
V  [jvm.dll+0x5d3a41]
V  [jvm.dll+0x5d6174]
V  [jvm.dll+0x3d7492]
V  [jvm.dll+0x3d6f30]
C  0x000001db6c65773c

The last pc belongs to getstatic (printed below).
Java frames: (J=compiled Java code, j=interpreted, Vv=VM code)
j  java.time.LocalDateTime.<clinit>()V+0 java.base@21.0.4
v  ~StubRoutines::call_stub 0x000001db6c64100d
j  java.time.ZonedDateTime.of(IIIIIIILjava/time/ZoneId;)Ljava/time/ZonedDateTime;+10 java.base@21.0.4
j  sun.security.util.DisabledAlgorithmConstraints$DenyAfterConstraint.<init>(Ljava/lang/String;III)V+73 java.base@21.0.4
j  sun.security.util.DisabledAlgorithmConstraints$Constraints.<init>(Ljava/lang/String;Ljava/util/Set;)V+624 java.base@21.0.4
j  sun.security.util.DisabledAlgorithmConstraints.<init>(Ljava/lang/String;Lsun/security/util/AlgorithmDecomposer;)V+119 java.base@21.0.4
j  sun.security.ssl.SSLAlgorithmConstraints.<clinit>()V+33 java.base@21.0.4
v  ~StubRoutines::call_stub 0x000001db6c64100d
j  sun.security.ssl.ProtocolVersion.<init>(Ljava/lang/String;IILjava/lang/String;Z)V+47 java.base@21.0.4
j  sun.security.ssl.ProtocolVersion.<clinit>()V+13 java.base@21.0.4
v  ~StubRoutines::call_stub 0x000001db6c64100d
j  sun.security.ssl.SSLContextImpl$AbstractTLSContext.<clinit>()V+7 java.base@21.0.4
v  ~StubRoutines::call_stub 0x000001db6c64100d
j  java.lang.Class.forName0(Ljava/lang/String;ZLjava/lang/ClassLoader;Ljava/lang/Class;)Ljava/lang/Class;+0 java.base@21.0.4
j  java.lang.Class.forName(Ljava/lang/String;Ljava/lang/Class;)Ljava/lang/Class;+19 java.base@21.0.4
j  java.lang.Class.forName(Ljava/lang/String;)Ljava/lang/Class;+6 java.base@21.0.4
j  java.security.Provider$Service.getImplClass()Ljava/lang/Class;+64 java.base@21.0.4
j  java.security.Provider$Service.getDefaultConstructor()Ljava/lang/reflect/Constructor;+46 java.base@21.0.4
j  java.security.Provider$Service.newInstanceOf()Ljava/lang/Object;+1 java.base@21.0.4
j  java.security.Provider$Service.newInstanceUtil(Ljava/lang/Class;Ljava/lang/Object;)Ljava/lang/Object;+5 java.base@21.0.4
j  java.security.Provider$Service.newInstance(Ljava/lang/Object;)Ljava/lang/Object;+216 java.base@21.0.4
j  sun.security.jca.GetInstance.getInstance(Ljava/security/Provider$Service;Ljava/lang/Class;)Lsun/security/jca/GetInstance$Instance;+2 java.base@21.0.4
j  sun.security.jca.GetInstance.getInstance(Ljava/lang/String;Ljava/lang/Class;Ljava/lang/String;)Lsun/security/jca/GetInstance$Instance;+56 java.base@21.0.4
j  javax.net.ssl.SSLContext.getInstance(Ljava/lang/String;)Ljavax/net/ssl/SSLContext;+12 java.base@21.0.4
j  externalApp.ExternalAppUtil.sendIdeRequest(Ljava/lang/String;ILjava/lang/String;Ljava/lang/String;)LexternalApp/ExternalAppUtil$Result;+34
j  git4idea.http.GitAskPassApp.main([Ljava/lang/String;)V+37
v  ~StubRoutines::call_stub 0x000001db6c64100d
getstatic  178 getstatic  [0x000001db6c6576a0, 0x000001db6c6578a0]  512 bytes
[MachCode]
  0x000001db6c6576a0: 4883 ec08 | c5fa 1104 | 24eb 1f48 | 83ec 10c5 | fb11 0424 | eb14 4883 | ec10 4889 | 0424 48c7 
  0x000001db6c6576c0: 4424 0800 | 0000 00eb | 0150 410f | b755 0148 | 8b4d d0c1 | e202 8b5c | d138 c1eb | 1081 e3ff 
  0x000001db6c6576e0: 0000 0081 | fbb2 0000 | 000f 84b4 | 0000 00bb | b200 0000 | e805 0000 | 00e9 9900 | 0000 488b 
  0x000001db6c657700: d348 8d44 | 2408 4c89 | 6dc0 498b | cfc5 f877 | 4989 afa8 | 0300 0049 | 8987 9803 | 0000 4883 
  0x000001db6c657720: ec20 40f6 | c40f 0f84 | 1900 0000 | 4883 ec08 | 48b8 d06e | c792 fb7f | 0000 ffd0 | 4883 c408 
  0x000001db6c657740: e90c 0000 | 0048 b8d0 | 6ec7 92fb | 7f00 00ff | d048 83c4 | 2049 c787 | 9803 0000 | 0000 0000 
  0x000001db6c657760: 49c7 87a8 | 0300 0000 | 0000 0049 | c787 a003 | 0000 0000 | 0000 c5f8 | 7749 837f | 0800 0f84 
  0x000001db6c657780: 0500 0000 | e977 97fe | ff4c 8b6d | c04c 8b75 | c84e 8d74 | f500 c341 | 0fb7 5501 | 488b 4dd0 
  0x000001db6c6577a0: c1e2 0248 | 8b5c d148 | 8b44 d150 | 4c8b 4cd1 | 404d 8b49 | 704d 8b09 | c1e8 1c83 | e00f 0f85 
  0x000001db6c6577c0: 0b00 0000 | 410f be04 | 1950 e9b5 | 0000 0083 | f801 0f85 | 0b00 0000 | 410f b604 | 1950 e9a1 
  0x000001db6c6577e0: 0000 0083 | f808 0f85 | 0e00 0000 | 418b 0419 | 48c1 e003 | 50e9 8a00 | 0000 83f8 | 040f 850a 
  0x000001db6c657800: 0000 0041 | 8b04 1950 | e977 0000 | 0083 f802 | 0f85 0b00 | 0000 410f | b704 1950 | e963 0000 
  0x000001db6c657820: 0083 f803 | 0f85 0b00 | 0000 410f | bf04 1950 | e94f 0000 | 0083 f805 | 0f85 1a00 | 0000 498b 
  0x000001db6c657840: 0419 4883 | ec10 4889 | 0424 48c7 | 4424 0800 | 0000 00e9 | 2c00 0000 | 83f8 060f | 8514 0000 
  0x000001db6c657860: 00c4 c17a | 1004 1948 | 83ec 08c5 | fa11 0424 | e90f 0000 | 00c4 c17b | 1004 1948 | 83ec 10c5 
  0x000001db6c657880: fb11 0424 | 410f b65d | 0349 83c5 | 0349 ba30 | b945 93fb | 7f00 0041 | ff24 da0f | 1f44 0000 
[/MachCode]

---------------  P R O C E S S  ---------------

Threads class SMR info:
_java_thread_list=0x000001db7d22c2f0, length=13, elements={
0x000001db620a3850, 0x000001db7d069140, 0x000001db7d069f60, 0x000001db7d072d90,
0x000001db7d0737f0, 0x000001db7d074250, 0x000001db7d04f840, 0x000001db7d0505d0,
0x000001db7d053080, 0x000001db7d1fac90, 0x000001db7d1fbcd0, 0x000001db7d231980,
0x000001db7d230b60
}

Java Threads: ( => current thread )
=>0x000001db620a3850 JavaThread "main"                              [_thread_in_vm, id=4816, stack(0x0000007270700000,0x0000007270800000) (1024K)]
  0x000001db7d069140 JavaThread "Reference Handler"          daemon [_thread_blocked, id=28080, stack(0x0000007270f00000,0x0000007271000000) (1024K)]
  0x000001db7d069f60 JavaThread "Finalizer"                  daemon [_thread_blocked, id=28836, stack(0x0000007271000000,0x0000007271100000) (1024K)]
  0x000001db7d072d90 JavaThread "Signal Dispatcher"          daemon [_thread_blocked, id=27052, stack(0x0000007271100000,0x0000007271200000) (1024K)]
  0x000001db7d0737f0 JavaThread "Attach Listener"            daemon [_thread_blocked, id=28492, stack(0x0000007271200000,0x0000007271300000) (1024K)]
  0x000001db7d074250 JavaThread "Service Thread"             daemon [_thread_blocked, id=29192, stack(0x0000007271300000,0x0000007271400000) (1024K)]
  0x000001db7d04f840 JavaThread "Monitor Deflation Thread"   daemon [_thread_blocked, id=12172, stack(0x0000007271400000,0x0000007271500000) (1024K)]
  0x000001db7d0505d0 JavaThread "C2 CompilerThread0"         daemon [_thread_blocked, id=23468, stack(0x0000007271500000,0x0000007271600000) (1024K)]
  0x000001db7d053080 JavaThread "C1 CompilerThread0"         daemon [_thread_blocked, id=27300, stack(0x0000007271600000,0x0000007271700000) (1024K)]
  0x000001db7d1fac90 JavaThread "C1 CompilerThread1"         daemon [_thread_blocked, id=11428, stack(0x0000007271700000,0x0000007271800000) (1024K)]
  0x000001db7d1fbcd0 JavaThread "C1 CompilerThread2"         daemon [_thread_blocked, id=2060, stack(0x0000007271800000,0x0000007271900000) (1024K)]
  0x000001db7d231980 JavaThread "Notification Thread"        daemon [_thread_blocked, id=26388, stack(0x0000007271900000,0x0000007271a00000) (1024K)]
  0x000001db7d230b60 JavaThread "Common-Cleaner"             daemon [_thread_blocked, id=4852, stack(0x0000007271a00000,0x0000007271b00000) (1024K)]
Total: 13

Other Threads:
  0x000001db7ce5da50 VMThread "VM Thread"                           [id=19704, stack(0x0000007270e00000,0x0000007270f00000) (1024K)]
  0x000001db7cdf3110 WatcherThread "VM Periodic Task Thread"        [id=14080, stack(0x0000007270d00000,0x0000007270e00000) (1024K)]
  0x000001db621031f0 WorkerThread "GC Thread#0"                     [id=28612, stack(0x0000007270800000,0x0000007270900000) (1024K)]
  0x000001db62113f40 ConcurrentGCThread "G1 Main Marker"            [id=6672, stack(0x0000007270900000,0x0000007270a00000) (1024K)]
  0x000001db62114a40 WorkerThread "G1 Conc#0"                       [id=22620, stack(0x0000007270a00000,0x0000007270b00000) (1024K)]
  0x000001db7ccbd5c0 ConcurrentGCThread "G1 Refine#0"               [id=26928, stack(0x0000007270b00000,0x0000007270c00000) (1024K)]
  0x000001db7ccbe040 ConcurrentGCThread "G1 Service"                [id=28100, stack(0x0000007270c00000,0x0000007270d00000) (1024K)]
Total: 7

Threads with active compile tasks:
Total: 0

VM state: not at safepoint (normal execution)

VM Mutex/Monitor currently owned by a thread:  ([mutex/lock_event])
[0x00007ffb934450f8] Metaspace_lock - owner thread: 0x000001db620a3850

Heap address: 0x0000000704000000, size: 4032 MB, Compressed Oops mode: Zero based, Oop shift amount: 3

CDS archive(s) not mapped
Compressed class space mapped at: 0x0000000800000000-0x0000000840000000, reserved size: 1073741824
Narrow klass base: 0x0000000800000000, Narrow klass shift: 0, Narrow klass range: 0x40000000

GC Precious Log:
 CardTable entry size: 512
 Card Set container configuration: InlinePtr #cards 4 size 8 Array Of Cards #cards 16 size 48 Howl #buckets 8 coarsen threshold 3686 Howl Bitmap #cards 512 size 80 coarsen threshold 460 Card regions per heap region 1 cards per card region 4096
 CPUs: 20 total, 20 available
 Memory: 16125M
 Large Page Support: Disabled
 NUMA Support: Disabled
 Compressed Oops: Enabled (Zero based)
 Heap Region Size: 2M
 Heap Min Capacity: 8M
 Heap Initial Capacity: 252M
 Heap Max Capacity: 4032M
 Pre-touch: Disabled
 Parallel Workers: 15
 Concurrent Workers: 4
 Concurrent Refinement Workers: 15
 Periodic GC: Disabled

Heap:
 garbage-first heap   total 258048K, used 4096K [0x0000000704000000, 0x0000000800000000)
  region size 2048K, 3 young (6144K), 0 survivors (0K)
 Metaspace       used 8157K, committed 8320K, reserved 1114112K
  class space    used 732K, committed 832K, reserved 1048576K

Heap Regions: E=young(eden), S=young(survivor), O=old, HS=humongous(starts), HC=humongous(continues), CS=collection set, F=free, TAMS=top-at-mark-start, PB=parsable bottom
|   0|0x0000000704000000, 0x0000000704000000, 0x0000000704200000|  0%| F|  |TAMS 0x0000000704000000| PB 0x0000000704000000| Untracked 
|   1|0x0000000704200000, 0x0000000704200000, 0x0000000704400000|  0%| F|  |TAMS 0x0000000704200000| PB 0x0000000704200000| Untracked 
|   2|0x0000000704400000, 0x0000000704400000, 0x0000000704600000|  0%| F|  |TAMS 0x0000000704400000| PB 0x0000000704400000| Untracked 
|   3|0x0000000704600000, 0x0000000704600000, 0x0000000704800000|  0%| F|  |TAMS 0x0000000704600000| PB 0x0000000704600000| Untracked 
|   4|0x0000000704800000, 0x0000000704800000, 0x0000000704a00000|  0%| F|  |TAMS 0x0000000704800000| PB 0x0000000704800000| Untracked 
|   5|0x0000000704a00000, 0x0000000704a00000, 0x0000000704c00000|  0%| F|  |TAMS 0x0000000704a00000| PB 0x0000000704a00000| Untracked 
|   6|0x0000000704c00000, 0x0000000704c00000, 0x0000000704e00000|  0%| F|  |TAMS 0x0000000704c00000| PB 0x0000000704c00000| Untracked 
|   7|0x0000000704e00000, 0x0000000704e00000, 0x0000000705000000|  0%| F|  |TAMS 0x0000000704e00000| PB 0x0000000704e00000| Untracked 
|   8|0x0000000705000000, 0x0000000705000000, 0x0000000705200000|  0%| F|  |TAMS 0x0000000705000000| PB 0x0000000705000000| Untracked 
|   9|0x0000000705200000, 0x0000000705200000, 0x0000000705400000|  0%| F|  |TAMS 0x0000000705200000| PB 0x0000000705200000| Untracked 
|  10|0x0000000705400000, 0x0000000705400000, 0x0000000705600000|  0%| F|  |TAMS 0x0000000705400000| PB 0x0000000705400000| Untracked 
|  11|0x0000000705600000, 0x0000000705600000, 0x0000000705800000|  0%| F|  |TAMS 0x0000000705600000| PB 0x0000000705600000| Untracked 
|  12|0x0000000705800000, 0x0000000705800000, 0x0000000705a00000|  0%| F|  |TAMS 0x0000000705800000| PB 0x0000000705800000| Untracked 
|  13|0x0000000705a00000, 0x0000000705a00000, 0x0000000705c00000|  0%| F|  |TAMS 0x0000000705a00000| PB 0x0000000705a00000| Untracked 
|  14|0x0000000705c00000, 0x0000000705c00000, 0x0000000705e00000|  0%| F|  |TAMS 0x0000000705c00000| PB 0x0000000705c00000| Untracked 
|  15|0x0000000705e00000, 0x0000000705e00000, 0x0000000706000000|  0%| F|  |TAMS 0x0000000705e00000| PB 0x0000000705e00000| Untracked 
|  16|0x0000000706000000, 0x0000000706000000, 0x0000000706200000|  0%| F|  |TAMS 0x0000000706000000| PB 0x0000000706000000| Untracked 
|  17|0x0000000706200000, 0x0000000706200000, 0x0000000706400000|  0%| F|  |TAMS 0x0000000706200000| PB 0x0000000706200000| Untracked 
|  18|0x0000000706400000, 0x0000000706400000, 0x0000000706600000|  0%| F|  |TAMS 0x0000000706400000| PB 0x0000000706400000| Untracked 
|  19|0x0000000706600000, 0x0000000706600000, 0x0000000706800000|  0%| F|  |TAMS 0x0000000706600000| PB 0x0000000706600000| Untracked 
|  20|0x0000000706800000, 0x0000000706800000, 0x0000000706a00000|  0%| F|  |TAMS 0x0000000706800000| PB 0x0000000706800000| Untracked 
|  21|0x0000000706a00000, 0x0000000706a00000, 0x0000000706c00000|  0%| F|  |TAMS 0x0000000706a00000| PB 0x0000000706a00000| Untracked 
|  22|0x0000000706c00000, 0x0000000706c00000, 0x0000000706e00000|  0%| F|  |TAMS 0x0000000706c00000| PB 0x0000000706c00000| Untracked 
|  23|0x0000000706e00000, 0x0000000706e00000, 0x0000000707000000|  0%| F|  |TAMS 0x0000000706e00000| PB 0x0000000706e00000| Untracked 
|  24|0x0000000707000000, 0x0000000707000000, 0x0000000707200000|  0%| F|  |TAMS 0x0000000707000000| PB 0x0000000707000000| Untracked 
|  25|0x0000000707200000, 0x0000000707200000, 0x0000000707400000|  0%| F|  |TAMS 0x0000000707200000| PB 0x0000000707200000| Untracked 
|  26|0x0000000707400000, 0x0000000707400000, 0x0000000707600000|  0%| F|  |TAMS 0x0000000707400000| PB 0x0000000707400000| Untracked 
|  27|0x0000000707600000, 0x0000000707600000, 0x0000000707800000|  0%| F|  |TAMS 0x0000000707600000| PB 0x0000000707600000| Untracked 
|  28|0x0000000707800000, 0x0000000707800000, 0x0000000707a00000|  0%| F|  |TAMS 0x0000000707800000| PB 0x0000000707800000| Untracked 
|  29|0x0000000707a00000, 0x0000000707a00000, 0x0000000707c00000|  0%| F|  |TAMS 0x0000000707a00000| PB 0x0000000707a00000| Untracked 
|  30|0x0000000707c00000, 0x0000000707c00000, 0x0000000707e00000|  0%| F|  |TAMS 0x0000000707c00000| PB 0x0000000707c00000| Untracked 
|  31|0x0000000707e00000, 0x0000000707e00000, 0x0000000708000000|  0%| F|  |TAMS 0x0000000707e00000| PB 0x0000000707e00000| Untracked 
|  32|0x0000000708000000, 0x0000000708000000, 0x0000000708200000|  0%| F|  |TAMS 0x0000000708000000| PB 0x0000000708000000| Untracked 
|  33|0x0000000708200000, 0x0000000708200000, 0x0000000708400000|  0%| F|  |TAMS 0x0000000708200000| PB 0x0000000708200000| Untracked 
|  34|0x0000000708400000, 0x0000000708400000, 0x0000000708600000|  0%| F|  |TAMS 0x0000000708400000| PB 0x0000000708400000| Untracked 
|  35|0x0000000708600000, 0x0000000708600000, 0x0000000708800000|  0%| F|  |TAMS 0x0000000708600000| PB 0x0000000708600000| Untracked 
|  36|0x0000000708800000, 0x0000000708800000, 0x0000000708a00000|  0%| F|  |TAMS 0x0000000708800000| PB 0x0000000708800000| Untracked 
|  37|0x0000000708a00000, 0x0000000708a00000, 0x0000000708c00000|  0%| F|  |TAMS 0x0000000708a00000| PB 0x0000000708a00000| Untracked 
|  38|0x0000000708c00000, 0x0000000708c00000, 0x0000000708e00000|  0%| F|  |TAMS 0x0000000708c00000| PB 0x0000000708c00000| Untracked 
|  39|0x0000000708e00000, 0x0000000708e00000, 0x0000000709000000|  0%| F|  |TAMS 0x0000000708e00000| PB 0x0000000708e00000| Untracked 
|  40|0x0000000709000000, 0x0000000709000000, 0x0000000709200000|  0%| F|  |TAMS 0x0000000709000000| PB 0x0000000709000000| Untracked 
|  41|0x0000000709200000, 0x0000000709200000, 0x0000000709400000|  0%| F|  |TAMS 0x0000000709200000| PB 0x0000000709200000| Untracked 
|  42|0x0000000709400000, 0x0000000709400000, 0x0000000709600000|  0%| F|  |TAMS 0x0000000709400000| PB 0x0000000709400000| Untracked 
|  43|0x0000000709600000, 0x0000000709600000, 0x0000000709800000|  0%| F|  |TAMS 0x0000000709600000| PB 0x0000000709600000| Untracked 
|  44|0x0000000709800000, 0x0000000709800000, 0x0000000709a00000|  0%| F|  |TAMS 0x0000000709800000| PB 0x0000000709800000| Untracked 
|  45|0x0000000709a00000, 0x0000000709a00000, 0x0000000709c00000|  0%| F|  |TAMS 0x0000000709a00000| PB 0x0000000709a00000| Untracked 
|  46|0x0000000709c00000, 0x0000000709c00000, 0x0000000709e00000|  0%| F|  |TAMS 0x0000000709c00000| PB 0x0000000709c00000| Untracked 
|  47|0x0000000709e00000, 0x0000000709e00000, 0x000000070a000000|  0%| F|  |TAMS 0x0000000709e00000| PB 0x0000000709e00000| Untracked 
|  48|0x000000070a000000, 0x000000070a000000, 0x000000070a200000|  0%| F|  |TAMS 0x000000070a000000| PB 0x000000070a000000| Untracked 
|  49|0x000000070a200000, 0x000000070a200000, 0x000000070a400000|  0%| F|  |TAMS 0x000000070a200000| PB 0x000000070a200000| Untracked 
|  50|0x000000070a400000, 0x000000070a400000, 0x000000070a600000|  0%| F|  |TAMS 0x000000070a400000| PB 0x000000070a400000| Untracked 
|  51|0x000000070a600000, 0x000000070a600000, 0x000000070a800000|  0%| F|  |TAMS 0x000000070a600000| PB 0x000000070a600000| Untracked 
|  52|0x000000070a800000, 0x000000070a800000, 0x000000070aa00000|  0%| F|  |TAMS 0x000000070a800000| PB 0x000000070a800000| Untracked 
|  53|0x000000070aa00000, 0x000000070aa00000, 0x000000070ac00000|  0%| F|  |TAMS 0x000000070aa00000| PB 0x000000070aa00000| Untracked 
|  54|0x000000070ac00000, 0x000000070ac00000, 0x000000070ae00000|  0%| F|  |TAMS 0x000000070ac00000| PB 0x000000070ac00000| Untracked 
|  55|0x000000070ae00000, 0x000000070ae00000, 0x000000070b000000|  0%| F|  |TAMS 0x000000070ae00000| PB 0x000000070ae00000| Untracked 
|  56|0x000000070b000000, 0x000000070b000000, 0x000000070b200000|  0%| F|  |TAMS 0x000000070b000000| PB 0x000000070b000000| Untracked 
|  57|0x000000070b200000, 0x000000070b200000, 0x000000070b400000|  0%| F|  |TAMS 0x000000070b200000| PB 0x000000070b200000| Untracked 
|  58|0x000000070b400000, 0x000000070b400000, 0x000000070b600000|  0%| F|  |TAMS 0x000000070b400000| PB 0x000000070b400000| Untracked 
|  59|0x000000070b600000, 0x000000070b600000, 0x000000070b800000|  0%| F|  |TAMS 0x000000070b600000| PB 0x000000070b600000| Untracked 
|  60|0x000000070b800000, 0x000000070b800000, 0x000000070ba00000|  0%| F|  |TAMS 0x000000070b800000| PB 0x000000070b800000| Untracked 
|  61|0x000000070ba00000, 0x000000070ba00000, 0x000000070bc00000|  0%| F|  |TAMS 0x000000070ba00000| PB 0x000000070ba00000| Untracked 
|  62|0x000000070bc00000, 0x000000070bc00000, 0x000000070be00000|  0%| F|  |TAMS 0x000000070bc00000| PB 0x000000070bc00000| Untracked 
|  63|0x000000070be00000, 0x000000070be00000, 0x000000070c000000|  0%| F|  |TAMS 0x000000070be00000| PB 0x000000070be00000| Untracked 
|  64|0x000000070c000000, 0x000000070c000000, 0x000000070c200000|  0%| F|  |TAMS 0x000000070c000000| PB 0x000000070c000000| Untracked 
|  65|0x000000070c200000, 0x000000070c200000, 0x000000070c400000|  0%| F|  |TAMS 0x000000070c200000| PB 0x000000070c200000| Untracked 
|  66|0x000000070c400000, 0x000000070c400000, 0x000000070c600000|  0%| F|  |TAMS 0x000000070c400000| PB 0x000000070c400000| Untracked 
|  67|0x000000070c600000, 0x000000070c600000, 0x000000070c800000|  0%| F|  |TAMS 0x000000070c600000| PB 0x000000070c600000| Untracked 
|  68|0x000000070c800000, 0x000000070c800000, 0x000000070ca00000|  0%| F|  |TAMS 0x000000070c800000| PB 0x000000070c800000| Untracked 
|  69|0x000000070ca00000, 0x000000070ca00000, 0x000000070cc00000|  0%| F|  |TAMS 0x000000070ca00000| PB 0x000000070ca00000| Untracked 
|  70|0x000000070cc00000, 0x000000070cc00000, 0x000000070ce00000|  0%| F|  |TAMS 0x000000070cc00000| PB 0x000000070cc00000| Untracked 
|  71|0x000000070ce00000, 0x000000070ce00000, 0x000000070d000000|  0%| F|  |TAMS 0x000000070ce00000| PB 0x000000070ce00000| Untracked 
|  72|0x000000070d000000, 0x000000070d000000, 0x000000070d200000|  0%| F|  |TAMS 0x000000070d000000| PB 0x000000070d000000| Untracked 
|  73|0x000000070d200000, 0x000000070d200000, 0x000000070d400000|  0%| F|  |TAMS 0x000000070d200000| PB 0x000000070d200000| Untracked 
|  74|0x000000070d400000, 0x000000070d400000, 0x000000070d600000|  0%| F|  |TAMS 0x000000070d400000| PB 0x000000070d400000| Untracked 
|  75|0x000000070d600000, 0x000000070d600000, 0x000000070d800000|  0%| F|  |TAMS 0x000000070d600000| PB 0x000000070d600000| Untracked 
|  76|0x000000070d800000, 0x000000070d800000, 0x000000070da00000|  0%| F|  |TAMS 0x000000070d800000| PB 0x000000070d800000| Untracked 
|  77|0x000000070da00000, 0x000000070da00000, 0x000000070dc00000|  0%| F|  |TAMS 0x000000070da00000| PB 0x000000070da00000| Untracked 
|  78|0x000000070dc00000, 0x000000070dc00000, 0x000000070de00000|  0%| F|  |TAMS 0x000000070dc00000| PB 0x000000070dc00000| Untracked 
|  79|0x000000070de00000, 0x000000070de00000, 0x000000070e000000|  0%| F|  |TAMS 0x000000070de00000| PB 0x000000070de00000| Untracked 
|  80|0x000000070e000000, 0x000000070e000000, 0x000000070e200000|  0%| F|  |TAMS 0x000000070e000000| PB 0x000000070e000000| Untracked 
|  81|0x000000070e200000, 0x000000070e200000, 0x000000070e400000|  0%| F|  |TAMS 0x000000070e200000| PB 0x000000070e200000| Untracked 
|  82|0x000000070e400000, 0x000000070e400000, 0x000000070e600000|  0%| F|  |TAMS 0x000000070e400000| PB 0x000000070e400000| Untracked 
|  83|0x000000070e600000, 0x000000070e600000, 0x000000070e800000|  0%| F|  |TAMS 0x000000070e600000| PB 0x000000070e600000| Untracked 
|  84|0x000000070e800000, 0x000000070e800000, 0x000000070ea00000|  0%| F|  |TAMS 0x000000070e800000| PB 0x000000070e800000| Untracked 
|  85|0x000000070ea00000, 0x000000070ea00000, 0x000000070ec00000|  0%| F|  |TAMS 0x000000070ea00000| PB 0x000000070ea00000| Untracked 
|  86|0x000000070ec00000, 0x000000070ec00000, 0x000000070ee00000|  0%| F|  |TAMS 0x000000070ec00000| PB 0x000000070ec00000| Untracked 
|  87|0x000000070ee00000, 0x000000070ee00000, 0x000000070f000000|  0%| F|  |TAMS 0x000000070ee00000| PB 0x000000070ee00000| Untracked 
|  88|0x000000070f000000, 0x000000070f000000, 0x000000070f200000|  0%| F|  |TAMS 0x000000070f000000| PB 0x000000070f000000| Untracked 
|  89|0x000000070f200000, 0x000000070f200000, 0x000000070f400000|  0%| F|  |TAMS 0x000000070f200000| PB 0x000000070f200000| Untracked 
|  90|0x000000070f400000, 0x000000070f400000, 0x000000070f600000|  0%| F|  |TAMS 0x000000070f400000| PB 0x000000070f400000| Untracked 
|  91|0x000000070f600000, 0x000000070f600000, 0x000000070f800000|  0%| F|  |TAMS 0x000000070f600000| PB 0x000000070f600000| Untracked 
|  92|0x000000070f800000, 0x000000070f800000, 0x000000070fa00000|  0%| F|  |TAMS 0x000000070f800000| PB 0x000000070f800000| Untracked 
|  93|0x000000070fa00000, 0x000000070fa00000, 0x000000070fc00000|  0%| F|  |TAMS 0x000000070fa00000| PB 0x000000070fa00000| Untracked 
|  94|0x000000070fc00000, 0x000000070fc00000, 0x000000070fe00000|  0%| F|  |TAMS 0x000000070fc00000| PB 0x000000070fc00000| Untracked 
|  95|0x000000070fe00000, 0x000000070fe00000, 0x0000000710000000|  0%| F|  |TAMS 0x000000070fe00000| PB 0x000000070fe00000| Untracked 
|  96|0x0000000710000000, 0x0000000710000000, 0x0000000710200000|  0%| F|  |TAMS 0x0000000710000000| PB 0x0000000710000000| Untracked 
|  97|0x0000000710200000, 0x0000000710200000, 0x0000000710400000|  0%| F|  |TAMS 0x0000000710200000| PB 0x0000000710200000| Untracked 
|  98|0x0000000710400000, 0x0000000710400000, 0x0000000710600000|  0%| F|  |TAMS 0x0000000710400000| PB 0x0000000710400000| Untracked 
|  99|0x0000000710600000, 0x0000000710600000, 0x0000000710800000|  0%| F|  |TAMS 0x0000000710600000| PB 0x0000000710600000| Untracked 
| 100|0x0000000710800000, 0x0000000710800000, 0x0000000710a00000|  0%| F|  |TAMS 0x0000000710800000| PB 0x0000000710800000| Untracked 
| 101|0x0000000710a00000, 0x0000000710a00000, 0x0000000710c00000|  0%| F|  |TAMS 0x0000000710a00000| PB 0x0000000710a00000| Untracked 
| 102|0x0000000710c00000, 0x0000000710c00000, 0x0000000710e00000|  0%| F|  |TAMS 0x0000000710c00000| PB 0x0000000710c00000| Untracked 
| 103|0x0000000710e00000, 0x0000000710e00000, 0x0000000711000000|  0%| F|  |TAMS 0x0000000710e00000| PB 0x0000000710e00000| Untracked 
| 104|0x0000000711000000, 0x0000000711000000, 0x0000000711200000|  0%| F|  |TAMS 0x0000000711000000| PB 0x0000000711000000| Untracked 
| 105|0x0000000711200000, 0x0000000711200000, 0x0000000711400000|  0%| F|  |TAMS 0x0000000711200000| PB 0x0000000711200000| Untracked 
| 106|0x0000000711400000, 0x0000000711400000, 0x0000000711600000|  0%| F|  |TAMS 0x0000000711400000| PB 0x0000000711400000| Untracked 
| 107|0x0000000711600000, 0x0000000711600000, 0x0000000711800000|  0%| F|  |TAMS 0x0000000711600000| PB 0x0000000711600000| Untracked 
| 108|0x0000000711800000, 0x0000000711800000, 0x0000000711a00000|  0%| F|  |TAMS 0x0000000711800000| PB 0x0000000711800000| Untracked 
| 109|0x0000000711a00000, 0x0000000711a00000, 0x0000000711c00000|  0%| F|  |TAMS 0x0000000711a00000| PB 0x0000000711a00000| Untracked 
| 110|0x0000000711c00000, 0x0000000711c00000, 0x0000000711e00000|  0%| F|  |TAMS 0x0000000711c00000| PB 0x0000000711c00000| Untracked 
| 111|0x0000000711e00000, 0x0000000711e00000, 0x0000000712000000|  0%| F|  |TAMS 0x0000000711e00000| PB 0x0000000711e00000| Untracked 
| 112|0x0000000712000000, 0x0000000712000000, 0x0000000712200000|  0%| F|  |TAMS 0x0000000712000000| PB 0x0000000712000000| Untracked 
| 113|0x0000000712200000, 0x0000000712200000, 0x0000000712400000|  0%| F|  |TAMS 0x0000000712200000| PB 0x0000000712200000| Untracked 
| 114|0x0000000712400000, 0x0000000712400000, 0x0000000712600000|  0%| F|  |TAMS 0x0000000712400000| PB 0x0000000712400000| Untracked 
| 115|0x0000000712600000, 0x0000000712600000, 0x0000000712800000|  0%| F|  |TAMS 0x0000000712600000| PB 0x0000000712600000| Untracked 
| 116|0x0000000712800000, 0x0000000712800000, 0x0000000712a00000|  0%| F|  |TAMS 0x0000000712800000| PB 0x0000000712800000| Untracked 
| 117|0x0000000712a00000, 0x0000000712a00000, 0x0000000712c00000|  0%| F|  |TAMS 0x0000000712a00000| PB 0x0000000712a00000| Untracked 
| 118|0x0000000712c00000, 0x0000000712c00000, 0x0000000712e00000|  0%| F|  |TAMS 0x0000000712c00000| PB 0x0000000712c00000| Untracked 
| 119|0x0000000712e00000, 0x0000000712e00000, 0x0000000713000000|  0%| F|  |TAMS 0x0000000712e00000| PB 0x0000000712e00000| Untracked 
| 120|0x0000000713000000, 0x0000000713000000, 0x0000000713200000|  0%| F|  |TAMS 0x0000000713000000| PB 0x0000000713000000| Untracked 
| 121|0x0000000713200000, 0x0000000713200000, 0x0000000713400000|  0%| F|  |TAMS 0x0000000713200000| PB 0x0000000713200000| Untracked 
| 122|0x0000000713400000, 0x0000000713400000, 0x0000000713600000|  0%| F|  |TAMS 0x0000000713400000| PB 0x0000000713400000| Untracked 
| 123|0x0000000713600000, 0x0000000713671270, 0x0000000713800000| 22%| E|  |TAMS 0x0000000713600000| PB 0x0000000713600000| Complete 
| 124|0x0000000713800000, 0x0000000713a00000, 0x0000000713a00000|100%| E|CS|TAMS 0x0000000713800000| PB 0x0000000713800000| Complete 
| 125|0x0000000713a00000, 0x0000000713c00000, 0x0000000713c00000|100%| E|CS|TAMS 0x0000000713a00000| PB 0x0000000713a00000| Complete 

Card table byte_map: [0x000001db75480000,0x000001db75c60000] _byte_map_base: 0x000001db71c60000

Marking Bits: (CMBitMap*) 0x000001db621038f0
 Bits: [0x000001db75c60000, 0x000001db79b60000)

Polling page: 0x000001db5ffb0000

Metaspace:

Usage:
  Non-class:      7.25 MB used.
      Class:    732.74 KB used.
       Both:      7.97 MB used.

Virtual space:
  Non-class space:       64.00 MB reserved,       7.31 MB ( 11%) committed,  1 nodes.
      Class space:        1.00 GB reserved,     832.00 KB ( <1%) committed,  1 nodes.
             Both:        1.06 GB reserved,       8.12 MB ( <1%) committed. 

Chunk freelists:
   Non-Class:  8.42 MB
       Class:  15.24 MB
        Both:  23.66 MB

MaxMetaspaceSize: unlimited
CompressedClassSpaceSize: 1.00 GB
Initial GC threshold: 21.00 MB
Current GC threshold: 21.00 MB
CDS: off
 - commit_granule_bytes: 65536.
 - commit_granule_words: 8192.
 - virtual_space_node_default_size: 8388608.
 - enlarge_chunks_in_place: 1.
 - use_allocation_guard: 0.


Internal statistics:

num_allocs_failed_limit: 0.
num_arena_births: 10.
num_arena_deaths: 0.
num_vsnodes_births: 2.
num_vsnodes_deaths: 0.
num_space_committed: 130.
num_space_uncommitted: 0.
num_chunks_returned_to_freelist: 0.
num_chunks_taken_from_freelist: 38.
num_chunk_merges: 0.
num_chunk_splits: 14.
num_chunks_enlarged: 6.
num_inconsistent_stats: 0.

CodeHeap 'non-profiled nmethods': size=119168Kb used=75Kb max_used=75Kb free=119093Kb
 bounds [0x000001db6cd90000, 0x000001db6d000000, 0x000001db741f0000]
CodeHeap 'profiled nmethods': size=119104Kb used=406Kb max_used=406Kb free=118697Kb
 bounds [0x000001db651f0000, 0x000001db65460000, 0x000001db6c640000]
CodeHeap 'non-nmethods': size=7488Kb used=2421Kb max_used=2427Kb free=5066Kb
 bounds [0x000001db6c640000, 0x000001db6c8b0000, 0x000001db6cd90000]
 total_blobs=701 nmethods=273 adapters=331
 compilation: enabled
              stopped_count=0, restarted_count=0
 full_count=0

Compilation events (20 events):
Event: 0.101 Thread 0x000001db7d0505d0  252       4       java.lang.Integer::parseInt (264 bytes)
Event: 0.102 Thread 0x000001db7d0505d0 nmethod 252 0x000001db6cda1510 code [0x000001db6cda16e0, 0x000001db6cda1ae8]
Event: 0.104 Thread 0x000001db7d1fbcd0  261       3       java.lang.Class::getClassLoader (28 bytes)
Event: 0.104 Thread 0x000001db7d1fbcd0 nmethod 261 0x000001db65251b10 code [0x000001db65251cc0, 0x000001db65251f20]
Event: 0.104 Thread 0x000001db7d1fbcd0  263       3       jdk.internal.org.objectweb.asm.ByteVector::putShort (52 bytes)
Event: 0.104 Thread 0x000001db7d1fbcd0 nmethod 263 0x000001db65252010 code [0x000001db652521c0, 0x000001db652523d8]
Event: 0.106 Thread 0x000001db7d1fbcd0  264       3       jdk.internal.org.objectweb.asm.ByteVector::putUTF8 (144 bytes)
Event: 0.106 Thread 0x000001db7d053080  265       3       jdk.internal.org.objectweb.asm.SymbolTable::hash (10 bytes)
Event: 0.106 Thread 0x000001db7d053080 nmethod 265 0x000001db65252510 code [0x000001db652526c0, 0x000001db652527f0]
Event: 0.106 Thread 0x000001db7d1fbcd0 nmethod 264 0x000001db65252910 code [0x000001db65252b80, 0x000001db65253648]
Event: 0.106 Thread 0x000001db7d1fbcd0  266       3       java.util.Objects::hashCode (13 bytes)
Event: 0.106 Thread 0x000001db7d1fbcd0 nmethod 266 0x000001db65253b10 code [0x000001db65253cc0, 0x000001db65253ee0]
Event: 0.107 Thread 0x000001db7d1fbcd0  268       3       jdk.internal.org.objectweb.asm.Symbol::<init> (38 bytes)
Event: 0.107 Thread 0x000001db7d1fac90  269       3       jdk.internal.org.objectweb.asm.SymbolTable::put (150 bytes)
Event: 0.107 Thread 0x000001db7d1fbcd0 nmethod 268 0x000001db65253f90 code [0x000001db65254140, 0x000001db652543e8]
Event: 0.107 Thread 0x000001db7d1fbcd0  271       3       java.lang.invoke.MethodType::parameterCount (6 bytes)
Event: 0.107 Thread 0x000001db7d1fbcd0 nmethod 271 0x000001db65254510 code [0x000001db652546a0, 0x000001db652547b8]
Event: 0.107 Thread 0x000001db7d1fac90 nmethod 269 0x000001db65254890 code [0x000001db65254a80, 0x000001db65255328]
Event: 0.107 Thread 0x000001db7d1fac90  273       3       java.lang.invoke.MethodType::parameterType (7 bytes)
Event: 0.107 Thread 0x000001db7d1fac90 nmethod 273 0x000001db65255610 code [0x000001db652557a0, 0x000001db652558e0]

GC Heap History (0 events):
No events

Dll operation events (2 events):
Event: 0.003 Loaded shared library C:\Program Files\Android\Android Studio\jbr\bin\java.dll
Event: 0.005 Loaded shared library C:\Program Files\Android\Android Studio\jbr\bin\zip.dll

Deoptimization events (0 events):
No events

Classes loaded (20 events):
Event: 0.107 Loading class java/time/ZoneOffset done
Event: 0.107 Loading class java/time/ZoneRegion
Event: 0.107 Loading class java/time/ZoneRegion done
Event: 0.107 Loading class java/time/zone/ZoneRules
Event: 0.107 Loading class java/time/zone/ZoneRules done
Event: 0.107 Loading class java/time/zone/ZoneOffsetTransitionRule
Event: 0.108 Loading class java/time/zone/ZoneOffsetTransitionRule done
Event: 0.108 Loading class java/time/LocalDateTime
Event: 0.108 Loading class java/time/temporal/Temporal
Event: 0.108 Loading class java/time/temporal/Temporal done
Event: 0.108 Loading class java/time/chrono/ChronoLocalDateTime
Event: 0.108 Loading class java/time/chrono/ChronoLocalDateTime done
Event: 0.108 Loading class java/time/LocalDateTime done
Event: 0.108 Loading class java/time/ZonedDateTime
Event: 0.108 Loading class java/time/chrono/ChronoZonedDateTime
Event: 0.108 Loading class java/time/chrono/ChronoZonedDateTime done
Event: 0.108 Loading class java/time/ZonedDateTime done
Event: 0.108 Loading class java/time/LocalDate
Event: 0.108 Loading class java/time/chrono/ChronoLocalDate
Event: 0.108 Loading class java/time/chrono/ChronoLocalDate done

Classes unloaded (0 events):
No events

Classes redefined (0 events):
No events

Internal exceptions (0 events):
No events

ZGC Phase Switch (0 events):
No events

VM Operations (4 events):
Event: 0.056 Executing VM operation: HandshakeAllThreads (Deoptimize)
Event: 0.056 Executing VM operation: HandshakeAllThreads (Deoptimize) done
Event: 0.061 Executing VM operation: HandshakeAllThreads (Deoptimize)
Event: 0.061 Executing VM operation: HandshakeAllThreads (Deoptimize) done

Memory protections (0 events):
No events

Nmethod flushes (0 events):
No events

Events (17 events):
Event: 0.005 Thread 0x000001db620a3850 Thread added: 0x000001db620a3850
Event: 0.028 Thread 0x000001db620a3850 Thread added: 0x000001db7d069140
Event: 0.028 Thread 0x000001db620a3850 Thread added: 0x000001db7d069f60
Event: 0.028 Thread 0x000001db620a3850 Thread added: 0x000001db7d072d90
Event: 0.028 Thread 0x000001db620a3850 Thread added: 0x000001db7d0737f0
Event: 0.028 Thread 0x000001db620a3850 Thread added: 0x000001db7d074250
Event: 0.028 Thread 0x000001db620a3850 Thread added: 0x000001db7d04f840
Event: 0.028 Thread 0x000001db620a3850 Thread added: 0x000001db7d0505d0
Event: 0.028 Thread 0x000001db620a3850 Thread added: 0x000001db7d053080
Event: 0.041 Thread 0x000001db7d053080 Thread added: 0x000001db7d1fac90
Event: 0.041 Thread 0x000001db7d053080 Thread added: 0x000001db7d1fbcd0
Event: 0.043 Thread 0x000001db620a3850 Thread added: 0x000001db7d231980
Event: 0.045 Thread 0x000001db620a3850 Thread added: 0x000001db7d230b60
Event: 0.048 Loaded shared library C:\Program Files\Android\Android Studio\jbr\bin\net.dll
Event: 0.049 Loaded shared library C:\Program Files\Android\Android Studio\jbr\bin\nio.dll
Event: 0.053 Loaded shared library C:\Program Files\Android\Android Studio\jbr\bin\zip.dll
Event: 0.089 Loaded shared library C:\Program Files\Android\Android Studio\jbr\bin\jimage.dll


Dynamic libraries:
0x00007ff6fd390000 - 0x00007ff6fd39a000 	C:\Program Files\Android\Android Studio\jbr\bin\java.exe
0x00007ffbd9ed0000 - 0x00007ffbda0c8000 	C:\Windows\SYSTEM32\ntdll.dll
0x00007ffbd9dc0000 - 0x00007ffbd9e82000 	C:\Windows\System32\KERNEL32.DLL
0x00007ffbd7570000 - 0x00007ffbd786f000 	C:\Windows\System32\KERNELBASE.dll
0x00007ffbd7ca0000 - 0x00007ffbd7da0000 	C:\Windows\System32\ucrtbase.dll
0x00007ffbcf570000 - 0x00007ffbcf58b000 	C:\Program Files\Android\Android Studio\jbr\bin\VCRUNTIME140.dll
0x00007ffbc3a10000 - 0x00007ffbc3a28000 	C:\Program Files\Android\Android Studio\jbr\bin\jli.dll
0x00007ffbd87e0000 - 0x00007ffbd897d000 	C:\Windows\System32\USER32.dll
0x00007ffbd7e10000 - 0x00007ffbd7e32000 	C:\Windows\System32\win32u.dll
0x00007ffbd8e90000 - 0x00007ffbd8ebb000 	C:\Windows\System32\GDI32.dll
0x00007ffbbc130000 - 0x00007ffbbc3ca000 	C:\Windows\WinSxS\amd64_microsoft.windows.common-controls_6595b64144ccf1df_6.0.19041.4355_none_60b8b9eb71f62e16\COMCTL32.dll
0x00007ffbd8a10000 - 0x00007ffbd8aae000 	C:\Windows\System32\msvcrt.dll
0x00007ffbd7870000 - 0x00007ffbd798a000 	C:\Windows\System32\gdi32full.dll
0x00007ffbd7aa0000 - 0x00007ffbd7b3d000 	C:\Windows\System32\msvcp_win.dll
0x00007ffbd9b90000 - 0x00007ffbd9bbf000 	C:\Windows\System32\IMM32.DLL
0x00007ffbcf560000 - 0x00007ffbcf56c000 	C:\Program Files\Android\Android Studio\jbr\bin\vcruntime140_1.dll
0x00007ffba6be0000 - 0x00007ffba6c6d000 	C:\Program Files\Android\Android Studio\jbr\bin\msvcp140.dll
0x00007ffb928a0000 - 0x00007ffb93523000 	C:\Program Files\Android\Android Studio\jbr\bin\server\jvm.dll
0x00007ffbd86c0000 - 0x00007ffbd876f000 	C:\Windows\System32\ADVAPI32.dll
0x00007ffbd8c60000 - 0x00007ffbd8cff000 	C:\Windows\System32\sechost.dll
0x00007ffbd9bc0000 - 0x00007ffbd9ce3000 	C:\Windows\System32\RPCRT4.dll
0x00007ffbd7a70000 - 0x00007ffbd7a97000 	C:\Windows\System32\bcrypt.dll
0x00007ffbd8ff0000 - 0x00007ffbd905b000 	C:\Windows\System32\WS2_32.dll
0x00007ffbd6af0000 - 0x00007ffbd6b3b000 	C:\Windows\SYSTEM32\POWRPROF.dll
0x00007ffbc3400000 - 0x00007ffbc340a000 	C:\Windows\SYSTEM32\VERSION.dll
0x00007ffbcc9c0000 - 0x00007ffbcc9e7000 	C:\Windows\SYSTEM32\WINMM.dll
0x00007ffbd6970000 - 0x00007ffbd6982000 	C:\Windows\SYSTEM32\UMPDC.dll
0x00007ffbd5330000 - 0x00007ffbd5342000 	C:\Windows\SYSTEM32\kernel.appcore.dll
0x00007ffbcf550000 - 0x00007ffbcf55a000 	C:\Program Files\Android\Android Studio\jbr\bin\jimage.dll
0x00007ffbb7500000 - 0x00007ffbb76e4000 	C:\Windows\SYSTEM32\DBGHELP.DLL
0x00007ffbaded0000 - 0x00007ffbadf04000 	C:\Windows\SYSTEM32\dbgcore.DLL
0x00007ffbd7990000 - 0x00007ffbd7a12000 	C:\Windows\System32\bcryptPrimitives.dll
0x00007ffbc50c0000 - 0x00007ffbc50e0000 	C:\Program Files\Android\Android Studio\jbr\bin\java.dll
0x00007ffbc5020000 - 0x00007ffbc5038000 	C:\Program Files\Android\Android Studio\jbr\bin\zip.dll
0x00007ffbd7f50000 - 0x00007ffbd86bd000 	C:\Windows\System32\SHELL32.dll
0x00007ffbd5610000 - 0x00007ffbd5db4000 	C:\Windows\SYSTEM32\windows.storage.dll
0x00007ffbd9100000 - 0x00007ffbd9455000 	C:\Windows\System32\combase.dll
0x00007ffbd6fa0000 - 0x00007ffbd6fcf000 	C:\Windows\SYSTEM32\Wldp.dll
0x00007ffbd9cf0000 - 0x00007ffbd9dbd000 	C:\Windows\System32\OLEAUT32.dll
0x00007ffbd9660000 - 0x00007ffbd970d000 	C:\Windows\System32\SHCORE.dll
0x00007ffbd7ef0000 - 0x00007ffbd7f45000 	C:\Windows\System32\shlwapi.dll
0x00007ffbd74a0000 - 0x00007ffbd74c4000 	C:\Windows\SYSTEM32\profapi.dll
0x00007ffbc5010000 - 0x00007ffbc5020000 	C:\Program Files\Android\Android Studio\jbr\bin\net.dll
0x00007ffbd1480000 - 0x00007ffbd158a000 	C:\Windows\SYSTEM32\WINHTTP.dll
0x00007ffbd6d00000 - 0x00007ffbd6d6c000 	C:\Windows\system32\mswsock.dll
0x00007ffbc4e90000 - 0x00007ffbc4ea6000 	C:\Program Files\Android\Android Studio\jbr\bin\nio.dll

dbghelp: loaded successfully - version: 4.0.5 - missing functions: none
symbol engine: initialized successfully - sym options: 0x614 - pdb path: .;C:\Program Files\Android\Android Studio\jbr\bin;C:\Windows\SYSTEM32;C:\Windows\WinSxS\amd64_microsoft.windows.common-controls_6595b64144ccf1df_6.0.19041.4355_none_60b8b9eb71f62e16;C:\Program Files\Android\Android Studio\jbr\bin\server

VM Arguments:
java_command: git4idea.http.GitAskPassApp Username for 'https://github.com': 
java_class_path (initial): C:/Program Files/Android/Android Studio/plugins/vcs-git/lib/git4idea-rt.jar;C:/Program Files/Android/Android Studio/lib/externalProcess-rt.jar
Launcher Type: SUN_STANDARD

[Global flags]
     intx CICompilerCount                          = 12                                        {product} {ergonomic}
     uint ConcGCThreads                            = 4                                         {product} {ergonomic}
     uint G1ConcRefinementThreads                  = 15                                        {product} {ergonomic}
   size_t G1HeapRegionSize                         = 2097152                                   {product} {ergonomic}
    uintx GCDrainStackTargetSize                   = 64                                        {product} {ergonomic}
   size_t InitialHeapSize                          = 264241152                                 {product} {ergonomic}
   size_t MarkStackSize                            = 4194304                                   {product} {ergonomic}
   size_t MaxHeapSize                              = 4227858432                                {product} {ergonomic}
   size_t MaxNewSize                               = 2535456768                                {product} {ergonomic}
   size_t MinHeapDeltaBytes                        = 2097152                                   {product} {ergonomic}
   size_t MinHeapSize                              = 8388608                                   {product} {ergonomic}
    uintx NonNMethodCodeHeapSize                   = 7602480                                {pd product} {ergonomic}
    uintx NonProfiledCodeHeapSize                  = 122027880                              {pd product} {ergonomic}
    uintx ProfiledCodeHeapSize                     = 122027880                              {pd product} {ergonomic}
    uintx ReservedCodeCacheSize                    = 251658240                              {pd product} {ergonomic}
     bool SegmentedCodeCache                       = true                                      {product} {ergonomic}
   size_t SoftMaxHeapSize                          = 4227858432                             {manageable} {ergonomic}
     bool UseCompressedOops                        = true                           {product lp64_product} {ergonomic}
     bool UseG1GC                                  = true                                      {product} {ergonomic}
     bool UseLargePagesIndividualAllocation        = false                                  {pd product} {ergonomic}

Logging:
Log output configuration:
 #0: stdout all=warning uptime,level,tags foldmultilines=false
 #1: stderr all=off uptime,level,tags foldmultilines=false

Environment Variables:
PATH=C:\Program Files\Git\mingw64\libexec\git-core;C:\Program Files\Git\mingw64\libexec\git-core;C:\Program Files\Git\mingw64\bin;C:\Program Files\Git\usr\bin;C:\Users\Bestadmin\bin;C:\Program Files (x86)\Common Files\Oracle\Java\javapath;C:\Windows\system32;C:\Windows;C:\Windows\System32\Wbem;C:\Windows\System32\WindowsPowerShell\v1.0;C:\Windows\System32\OpenSSH;C:\Program Files\dotnet;C:\Program Files (x86)\NVIDIA Corporation\PhysX\Common;C:\Program Files\NVIDIA Corporation\NVIDIA NvDLISR;C:\Program Files\nodejs;C:\Program Files\Git\cmd;C:\Users\Bestadmin\AppData\Local\Microsoft\WindowsApps;C:\Users\Bestadmin\AppData\Local\Programs\Microsoft VS Code\bin;C:\Users\Bestadmin\AppData\Roaming\npm
USERNAME=Bestadmin
DISPLAY=:0.0
LC_ALL=en_US.UTF-8
TERM=xterm-256color
TMPDIR=C:\Users\BESTAD~1\AppData\Local\Temp
OS=Windows_NT
PROCESSOR_IDENTIFIER=Intel64 Family 6 Model 151 Stepping 2, GenuineIntel
TMP=C:\Users\BESTAD~1\AppData\Local\Temp
TEMP=C:\Users\BESTAD~1\AppData\Local\Temp




Periodic native trim disabled

JNI global refs:
JNI global refs: 17, weak refs: 0

JNI global refs memory usage: 835, weak refs: 833

Process memory usage:
Resident Set Size: 41652K (0% of 16512300K total physical memory with 1141060K free physical memory)

OOME stack traces (most recent first):
Classloader memory used:
Loader bootstrap                                                                       : 8066K
Loader jdk.internal.loader.ClassLoaders$PlatformClassLoader                            : 76920B
Loader jdk.internal.loader.ClassLoaders$AppClassLoader                                 : 16400B

---------------  S Y S T E M  ---------------

OS:
 Windows 10 , 64 bit Build 19041 (10.0.19041.5438)
OS uptime: 1 days 23:06 hours

CPU: total 20 (initial active 20) (10 cores per cpu, 2 threads per core) family 6 model 151 stepping 2 microcode 0x2c, cx8, cmov, fxsr, ht, mmx, 3dnowpref, sse, sse2, sse3, ssse3, sse4.1, sse4.2, popcnt, lzcnt, tsc, tscinvbit, avx, avx2, aes, erms, clmul, bmi1, bmi2, adx, sha, fma, vzeroupper, clflush, clflushopt, clwb, serialize, rdtscp, rdpid, fsrm, f16c, pku, cet_ibt, cet_ss
Processor Information for all 20 processors :
  Max Mhz: 3600, Current Mhz: 3600, Mhz Limit: 3600

Memory: 4k page, system-wide physical 16125M (1114M free)
TotalPageFile size 26116M (AvailPageFile size 7M)
current process WorkingSet (physical memory assigned to process): 40M, peak: 40M
current process commit charge ("private bytes"): 348M, peak: 350M

vm_info: OpenJDK 64-Bit Server VM (21.0.4+-12508038-b607.1) for windows-amd64 JRE (21.0.4+-12508038-b607.1), built on 2024-10-16T17:23:34Z by "builder" with MS VC++ 16.10 / 16.11 (VS2019)

END.
